
> frontend@0.0.0 build
> ng build

[33mΓ¥»[39m Building...
[32mΓ£ö[39m Building...
[35mPrerendered 0 static routes.[39m
Application bundle generation failed. [8.962 seconds] - 2026-04-02T04:19:39.293Z

node.exe : [1m[33m[33mΓû▓ [43;33
m[[43;30mWARNING[43;33m][0m 
[1mNG8107: NG8107: The left side 
of this optional chain operation 
does not include 'null' or 
'undefined' in its type, therefore 
the '?.' operator can be replaced 
with the '.' operator. Find more at 
https://v21.angular.dev/extended-dia
gnostics/NG8107[0m 
[1m[35m[plugin 
angular-compiler][0m
At C:\nvm4w\nodejs\npm.ps1:29 char:3
+   & $NODE_EXE $NPM_CLI_JS $args
+   ~~~~~~~~~~~~~~~~~~~~~~~~~~~~~
    + CategoryInfo          : NotSp 
   ecified: ([1m[33m[33mΓ...r-c  
  ompiler][0m:String) [], Remote   
 Exception
    + FullyQualifiedErrorId : Nativ 
   eCommandError
 

    src/app/pages/thong-bao-tinh-hin
h/thong-bao-list.component.html:579:
67:
[37m      579 Γöé ...t-bold">{{ vie
wingDetail?.[32mcreatorName[37m?.c
harAt(0) || 'A' }}</span>
          Γò╡                       
       [32m~~~~~~~~~~~[0m

  Warning occurs in the template of 
component ThongBaoListComponent.

    src/app/pages/thong-bao-tinh-hin
h/thong-bao-list.component.ts:13:15:
[37m      13 Γöé   templateUrl: [3
2m'./thong-bao-list.component.html'
[37m,
         Γò╡                [32m~~~
~~~~~~~~~~~~~~~~~~~~~~~~~~~~~~[0m


[33mΓû▓ [43;33m[[43;30mWARNING[4
3;33m][0m [1mNG8107: NG8107: The 
left side of this optional chain 
operation does not include 'null' 
or 'undefined' in its type, 
therefore the '?.' operator can be 
replaced with the '.' operator. 
Find more at https://v21.angular.dev
/extended-diagnostics/NG8107[0m 
[1m[35m[plugin 
angular-compiler][0m

    src/app/pages/thong-bao-tinh-hin
h/thong-bao-list.component.html:583:
86:
[37m      583 Γöé ...t-bold 
text-slate-800 mb-2">{{ viewingDetai
l?.[32mcreatorName[37m }}</h4>
          Γò╡                       
                           
[32m~~~~~~~~~~~[0m

  Warning occurs in the template of 
component ThongBaoListComponent.

    src/app/pages/thong-bao-tinh-hin
h/thong-bao-list.component.ts:13:15:
[37m      13 Γöé   templateUrl: [3
2m'./thong-bao-list.component.html'
[37m,
         Γò╡                [32m~~~
~~~~~~~~~~~~~~~~~~~~~~~~~~~~~~[0m


[33mΓû▓ [43;33m[[43;30mWARNING[4
3;33m][0m [1mNG8107: NG8107: The 
left side of this optional chain 
operation does not include 'null' 
or 'undefined' in its type, 
therefore the '?.' operator can be 
replaced with the '.' operator. 
Find more at https://v21.angular.dev
/extended-diagnostics/NG8107[0m 
[1m[35m[plugin 
angular-compiler][0m

    src/app/pages/thong-bao-tinh-hin
h/thong-bao-list.component.html:587:
44:
[37m      587 Γöé                  
   <span>{{ 
viewingDetail?.[32mdonViName[37m 
}}</span>
          Γò╡                       
                      
[32m~~~~~~~~~[0m

  Warning occurs in the template of 
component ThongBaoListComponent.

    src/app/pages/thong-bao-tinh-hin
h/thong-bao-list.component.ts:13:15:
[37m      13 Γöé   templateUrl: [3
2m'./thong-bao-list.component.html'
[37m,
         Γò╡                [32m~~~
~~~~~~~~~~~~~~~~~~~~~~~~~~~~~~[0m


[33mΓû▓ [43;33m[[43;30mWARNING[4
3;33m][0m [1mNG8107: NG8107: The 
left side of this optional chain 
operation does not include 'null' 
or 'undefined' in its type, 
therefore the '?.' operator can be 
replaced with the '.' operator. 
Find more at https://v21.angular.dev
/extended-diagnostics/NG8107[0m 
[1m[35m[plugin 
angular-compiler][0m

    src/app/pages/thong-bao-tinh-hin
h/thong-bao-list.component.html:591:
83:
[37m      591 Γöé 
...font-semibold">{{ viewingDeta[32
mil?.[37mdata?.createdBy 
}}</span></span>
          Γò╡                       
          [32m~~~~[0m

  Warning occurs in the template of 
component ThongBaoListComponent.

    src/app/pages/thong-bao-tinh-hin
h/thong-bao-list.component.ts:13:15:
[37m      13 Γöé   templateUrl: [3
2m'./thong-bao-list.component.html'
[37m,
         Γò╡                [32m~~~
~~~~~~~~~~~~~~~~~~~~~~~~~~~~~~[0m


[33mΓû▓ [43;33m[[43;30mWARNING[4
3;33m][0m [1mNG8107: NG8107: The 
left side of this optional chain 
operation does not include 'null' 
or 'undefined' in its type, 
therefore the '?.' operator can be 
replaced with the '.' operator. 
Find more at https://v21.angular.dev
/extended-diagnostics/NG8107[0m 
[1m[35m[plugin 
angular-compiler][0m

    src/app/pages/thong-bao-tinh-hin
h/thong-bao-list.component.html:605:
80:
[37m      605 Γöé ...slate-800">{{ 
viewingDetail?.[32mdata[37m?.ngayT
hongBao | date:'dd/MM/...
          Γò╡                       
          [32m~~~~[0m

  Warning occurs in the template of 
component ThongBaoListComponent.

    src/app/pages/thong-bao-tinh-hin
h/thong-bao-list.component.ts:13:15:
[37m      13 Γöé   templateUrl: [3
2m'./thong-bao-list.component.html'
[37m,
         Γò╡                [32m~~~
~~~~~~~~~~~~~~~~~~~~~~~~~~~~~~[0m


[33mΓû▓ [43;33m[[43;30mWARNING[4
3;33m][0m [1mNG8107: NG8107: The 
left side of this optional chain 
operation does not include 'null' 
or 'undefined' in its type, 
therefore the '?.' operator can be 
replaced with the '.' operator. 
Find more at https://v21.angular.dev
/extended-diagnostics/NG8107[0m 
[1m[35m[plugin 
angular-compiler][0m

    src/app/pages/thong-bao-tinh-hin
h/thong-bao-list.component.html:616:
76:
[37m      616 Γöé ...ded-full ' + (
viewingDetail?.[32mdata[37m?.phamV
i === 'TOAN_NGANH' ? '...
          Γò╡                       
          [32m~~~~[0m

  Warning occurs in the template of 
component ThongBaoListComponent.

    src/app/pages/thong-bao-tinh-hin
h/thong-bao-list.component.ts:13:15:
[37m      13 Γöé   templateUrl: [3
2m'./thong-bao-list.component.html'
[37m,
         Γò╡                [32m~~~
~~~~~~~~~~~~~~~~~~~~~~~~~~~~~~[0m


[33mΓû▓ [43;33m[[43;30mWARNING[4
3;33m][0m [1mNG8107: NG8107: The 
left side of this optional chain 
operation does not include 'null' 
or 'undefined' in its type, 
therefore the '?.' operator can be 
replaced with the '.' operator. 
Find more at https://v21.angular.dev
/extended-diagnostics/NG8107[0m 
[1m[35m[plugin 
angular-compiler][0m

    src/app/pages/thong-bao-tinh-hin
h/thong-bao-list.component.html:617:
82:
[37m      617 Γöé ...slate-800">{{ 
viewingDetail?.[32mdata[37m?.phamV
i === 'TOAN_NGANH' ? '...
          Γò╡                       
          [32m~~~~[0m

  Warning occurs in the template of 
component ThongBaoListComponent.

    src/app/pages/thong-bao-tinh-hin
h/thong-bao-list.component.ts:13:15:
[37m      13 Γöé   templateUrl: [3
2m'./thong-bao-list.component.html'
[37m,
         Γò╡                [32m~~~
~~~~~~~~~~~~~~~~~~~~~~~~~~~~~~[0m


[33mΓû▓ [43;33m[[43;30mWARNING[4
3;33m][0m [1mNG8107: NG8107: The 
left side of this optional chain 
operation does not include 'null' 
or 'undefined' in its type, 
therefore the '?.' operator can be 
replaced with the '.' operator. 
Find more at https://v21.angular.dev
/extended-diagnostics/NG8107[0m 
[1m[35m[plugin 
angular-compiler][0m

    src/app/pages/thong-bao-tinh-hin
h/thong-bao-list.component.html:628:
45:
[37m      628 Γöé ...             (
viewingDetail?.[32mdata[37m?.phanL
oaiId === 1 ? 'bg-rose...
          Γò╡                       
          [32m~~~~[0m

  Warning occurs in the template of 
component ThongBaoListComponent.

    src/app/pages/thong-bao-tinh-hin
h/thong-bao-list.component.ts:13:15:
[37m      13 Γöé   templateUrl: [3
2m'./thong-bao-list.component.html'
[37m,
         Γò╡                [32m~~~
~~~~~~~~~~~~~~~~~~~~~~~~~~~~~~[0m


[33mΓû▓ [43;33m[[43;30mWARNING[4
3;33m][0m [1mNG8107: NG8107: The 
left side of this optional chain 
operation does not include 'null' 
or 'undefined' in its type, 
therefore the '?.' operator can be 
replaced with the '.' operator. 
Find more at https://v21.angular.dev
/extended-diagnostics/NG8107[0m 
[1m[35m[plugin 
angular-compiler][0m

    src/app/pages/thong-bao-tinh-hin
h/thong-bao-list.component.html:629:
45:
[37m      629 Γöé ...              
viewingDetail?.[32mdata[37m?.phanL
oaiId === 2 ? 'bg-ambe...
          Γò╡                       
          [32m~~~~[0m

  Warning occurs in the template of 
component ThongBaoListComponent.

    src/app/pages/thong-bao-tinh-hin
h/thong-bao-list.component.ts:13:15:
[37m      13 Γöé   templateUrl: [3
2m'./thong-bao-list.component.html'
[37m,
         Γò╡                [32m~~~
~~~~~~~~~~~~~~~~~~~~~~~~~~~~~~[0m


[33mΓû▓ [43;33m[[43;30mWARNING[4
3;33m][0m [1mNG8107: NG8107: The 
left side of this optional chain 
operation does not include 'null' 
or 'undefined' in its type, 
therefore the '?.' operator can be 
replaced with the '.' operator. 
Find more at https://v21.angular.dev
/extended-diagnostics/NG8107[0m 
[1m[35m[plugin 
angular-compiler][0m

    src/app/pages/thong-bao-tinh-hin
h/thong-bao-list.component.html:631:
36:
[37m      631 Γöé ...           {{ 
viewingDetail?.[32mdata[37m?.phanL
oaiId === 1 ? 'Mß║¡t' ...
          Γò╡                       
          [32m~~~~[0m

  Warning occurs in the template of 
component ThongBaoListComponent.

    src/app/pages/thong-bao-tinh-hin
h/thong-bao-list.component.ts:13:15:
[37m      13 Γöé   templateUrl: [3
2m'./thong-bao-list.component.html'
[37m,
         Γò╡                [32m~~~
~~~~~~~~~~~~~~~~~~~~~~~~~~~~~~[0m


[33mΓû▓ [43;33m[[43;30mWARNING[4
3;33m][0m [1mNG8107: NG8107: The 
left side of this optional chain 
operation does not include 'null' 
or 'undefined' in its type, 
therefore the '?.' operator can be 
replaced with the '.' operator. 
Find more at https://v21.angular.dev
/extended-diagnostics/NG8107[0m 
[1m[35m[plugin 
angular-compiler][0m

    src/app/pages/thong-bao-tinh-hin
h/thong-bao-list.component.html:631:
84:
[37m      631 Γöé ...= 1 ? 'Mß║¡t' 
: viewingDetail[32m?.da[37mta?.pha
nLoaiId === 2 ? 'Khß║⌐...
          Γò╡                       
        [32m~~~~[0m

  Warning occurs in the template of 
component ThongBaoListComponent.

    src/app/pages/thong-bao-tinh-hin
h/thong-bao-list.component.ts:13:15:
[37m      13 Γöé   templateUrl: [3
2m'./thong-bao-list.component.html'
[37m,
         Γò╡                [32m~~~
~~~~~~~~~~~~~~~~~~~~~~~~~~~~~~[0m


[33mΓû▓ [43;33m[[43;30mWARNING[4
3;33m][0m [1mNG8107: NG8107: The 
left side of this optional chain 
operation does not include 'null' 
or 'undefined' in its type, 
therefore the '?.' operator can be 
replaced with the '.' operator. 
Find more at https://v21.angular.dev
/extended-diagnostics/NG8107[0m 
[1m[35m[plugin 
angular-compiler][0m

    src/app/pages/thong-bao-tinh-hin
h/thong-bao-list.component.html:634:
84:
[37m      634 Γöé ...-bold 
text-slate-900 mb-3">{{ viewingDetai
l?.[32mdata[37m?.tieuDe }}</h2>
          Γò╡                       
                          
[32m~~~~[0m

  Warning occurs in the template of 
component ThongBaoListComponent.

    src/app/pages/thong-bao-tinh-hin
h/thong-bao-list.component.ts:13:15:
[37m      13 Γöé   templateUrl: [3
2m'./thong-bao-list.component.html'
[37m,
         Γò╡                [32m~~~
~~~~~~~~~~~~~~~~~~~~~~~~~~~~~~[0m


[33mΓû▓ [43;33m[[43;30mWARNING[4
3;33m][0m [1mNG8107: NG8107: The 
left side of this optional chain 
operation does not include 'null' 
or 'undefined' in its type, 
therefore the '?.' operator can be 
replaced with the '.' operator. 
Find more at https://v21.angular.dev
/extended-diagnostics/NG8107[0m 
[1m[35m[plugin 
angular-compiler][0m

    src/app/pages/thong-bao-tinh-hin
h/thong-bao-list.component.html:635:
104:
[37m      635 Γöé ...re-wrap 
leading-relaxed">{{ viewingDetail?.
[32mdata[37m?.noiDung }}</div>
          Γò╡                       
                        
[32m~~~~[0m

  Warning occurs in the template of 
component ThongBaoListComponent.

    src/app/pages/thong-bao-tinh-hin
h/thong-bao-list.component.ts:13:15:
[37m      13 Γöé   templateUrl: [3
2m'./thong-bao-list.component.html'
[37m,
         Γò╡                [32m~~~
~~~~~~~~~~~~~~~~~~~~~~~~~~~~~~[0m


[33mΓû▓ [43;33m[[43;30mWARNING[4
3;33m][0m [1mNG8107: NG8107: The 
left side of this optional chain 
operation does not include 'null' 
or 'undefined' in its type, 
therefore the '?.' operator can be 
replaced with the '.' operator. 
Find more at https://v21.angular.dev
/extended-diagnostics/NG8107[0m 
[1m[35m[plugin 
angular-compiler][0m

    src/app/pages/thong-bao-tinh-hin
h/thong-bao-list.component.html:641:
93:
[37m      641 Γöé ...>Tß╗çp ─æ├¡nh 
k├¿m ({{ viewingDet[32mail?.[37mfi
les?.length || 0 }})</h5>
          Γò╡                       
         [32m~~~~~[0m

  Warning occurs in the template of 
component ThongBaoListComponent.

    src/app/pages/thong-bao-tinh-hin
h/thong-bao-list.component.ts:13:15:
[37m      13 Γöé   templateUrl: [3
2m'./thong-bao-list.component.html'
[37m,
         Γò╡                [32m~~~
~~~~~~~~~~~~~~~~~~~~~~~~~~~~~~[0m


[33mΓû▓ [43;33m[[43;30mWARNING[4
3;33m][0m [1mNG8107: NG8107: The 
left side of this optional chain 
operation does not include 'null' 
or 'undefined' in its type, 
therefore the '?.' operator can be 
replaced with the '.' operator. 
Find more at https://v21.angular.dev
/extended-diagnostics/NG8107[0m 
[1m[35m[plugin 
angular-compiler][0m

    src/app/pages/thong-bao-tinh-hin
h/thong-bao-list.component.html:644:
35:
[37m      644 Γöé ...        @if 
(!viewingDetail?.[32mfiles[37m || 
viewingDetail.files.leng...
          Γò╡                       
          [32m~~~~~[0m

  Warning occurs in the template of 
component ThongBaoListComponent.

    src/app/pages/thong-bao-tinh-hin
h/thong-bao-list.component.ts:13:15:
[37m      13 Γöé   templateUrl: [3
2m'./thong-bao-list.component.html'
[37m,
         Γò╡                [32m~~~
~~~~~~~~~~~~~~~~~~~~~~~~~~~~~~[0m


[33mΓû▓ [43;33m[[43;30mWARNING[4
3;33m][0m [1mNG8107: NG8107: The 
left side of this optional chain 
operation does not include 'null' 
or 'undefined' in its type, 
therefore the '?.' operator can be 
replaced with the '.' operator. 
Find more at https://v21.angular.dev
/extended-diagnostics/NG8107[0m 
[1m[35m[plugin 
angular-compiler][0m

    src/app/pages/thong-bao-tinh-hin
h/thong-bao-list.component.html:651:
47:
[37m      651 Γöé ...             
@for (file of 
viewingDetail?.[32mfiles[37m; 
track file.id) {
          Γò╡                       
                       
[32m~~~~~[0m

  Warning occurs in the template of 
component ThongBaoListComponent.

    src/app/pages/thong-bao-tinh-hin
h/thong-bao-list.component.ts:13:15:
[37m      13 Γöé   templateUrl: [3
2m'./thong-bao-list.component.html'
[37m,
         Γò╡                [32m~~~
~~~~~~~~~~~~~~~~~~~~~~~~~~~~~~[0m


[33mΓû▓ [43;33m[[43;30mWARNING[4
3;33m][0m [1mNG8107: NG8107: The 
left side of this optional chain 
operation does not include 'null' 
or 'undefined' in its type, 
therefore the '?.' operator can be 
replaced with the '.' operator. 
Find more at https://v21.angular.dev
/extended-diagnostics/NG8107[0m 
[1m[35m[plugin 
angular-compiler][0m

    src/app/pages/thong-bao-tinh-hin
h/thong-bao-list.component.html:670:
32:
[37m      670 Γöé             @if (
viewingDetail?.[32mdata[37m?.ghiCh
u) {
          Γò╡                       
          [32m~~~~[0m

  Warning occurs in the template of 
component ThongBaoListComponent.

    src/app/pages/thong-bao-tinh-hin
h/thong-bao-list.component.ts:13:15:
[37m      13 Γöé   templateUrl: [3
2m'./thong-bao-list.component.html'
[37m,
         Γò╡                [32m~~~
~~~~~~~~~~~~~~~~~~~~~~~~~~~~~~[0m

[39m[22m
[1m[31m[31mX 
[41;31m[[41;97mERROR[41;31m][0m 
[1mTS2339: Property 'actorName' 
does not exist on type 
'AuditLog'.[0m [1m[35m[plugin 
angular-compiler][0m

    src/app/pages/thong-bao-tinh-hin
h/thong-bao-list.component.html:508:
74:
[37m      508 Γöé ...-bold 
text-[#064e3b]">{{ 
log.[32mactorName[37m || 
log.changedBy }}</span>
          Γò╡                       
          [32m~~~~~~~~~[0m

  Error occurs in the template of 
component ThongBaoListComponent.

    src/app/pages/thong-bao-tinh-hin
h/thong-bao-list.component.ts:13:15:
[37m      13 Γöé   templateUrl: [3
2m'./thong-bao-list.component.html'
[37m,
         Γò╡                [32m~~~
~~~~~~~~~~~~~~~~~~~~~~~~~~~~~~[0m

[39m[22m
