[33mΓ¥»[39m Building...
[32mΓ£ö[39m Building...
[35mPrerendered 0 static routes.[39m
Application bundle generation failed. [7.782 seconds] - 2026-03-31T03:34:02.082Z

node.exe : [1m[33m[33mΓû▓ 
[43;33m[[43;30mWARNING[43;33m][0m 
[1mNG8113: RouterLink is not used within 
the template of App[0m [1m[35m[plugin 
angular-compiler][0m
At C:\nvm4w\nodejs\npx.ps1:29 char:3
+   & $NODE_EXE $NPX_CLI_JS $args
+   ~~~~~~~~~~~~~~~~~~~~~~~~~~~~~
    + CategoryInfo          : NotSpecified 
   : ([1m[33m[33mΓ...r-compiler][0m:S  
  tring) [], RemoteException
    + FullyQualifiedErrorId : NativeComman 
   dError
 

    src/app/app.ts:7:26:
[37m      7 Γöé   imports: [RouterOutlet, 
[32mRouterLink[37m, RouterLinkActive],
        Γò╡                           
[32m~~~~~~~~~~[0m


[33mΓû▓ 
[43;33m[[43;30mWARNING[43;33m][0m 
[1mNG8113: RouterLinkActive is not used 
within the template of App[0m 
[1m[35m[plugin angular-compiler][0m

    src/app/app.ts:7:38:
[37m      7 Γöé   imports: [RouterOutlet, 
RouterLink, [32mRouterLinkActive[37m],
        Γò╡                                
       [32m~~~~~~~~~~~~~~~~[0m

[39m[22m
[1m[31m[31mX 
[41;31m[[41;97mERROR[41;31m][0m 
[1mNG5002: Unexpected closing tag 
"table". It may happen when the tag has 
already been closed by another tag. For 
more info see https://www.w3.org/TR/html5/s
yntax.html#closing-elements-that-have-impli
ed-end-tags[0m [1m[35m[plugin 
angular-compiler][0m

    src/app/pages/thong-bao-tinh-hinh/thong
-bao-list.component.html:567:8:
[37m      567 Γöé         
[32m</table>[37m
          Γò╡         [32m~~~~~~~~[0m

  Error occurs in the template of 
component ThongBaoListComponent.

    src/app/pages/thong-bao-tinh-hinh/thong
-bao-list.component.ts:13:15:
[37m      13 Γöé   templateUrl: [32m'./th
ong-bao-list.component.html'[37m,
         Γò╡                
[32m~~~~~~~~~~~~~~~~~~~~~~~~~~~~~~~~~[0m


[31mX [41;31m[[41;97mERROR[41;31m][0m 
[1mNG5002: Unexpected closing tag "div". 
It may happen when the tag has already 
been closed by another tag. For more info 
see https://www.w3.org/TR/html5/syntax.html
#closing-elements-that-have-implied-end-tag
s[0m [1m[35m[plugin 
angular-compiler][0m

    src/app/pages/thong-bao-tinh-hinh/thong
-bao-list.component.html:585:2:
[37m      585 Γöé   [32m</div>[37m
          Γò╡   [32m~~~~~~[0m

  Error occurs in the template of 
component ThongBaoListComponent.

    src/app/pages/thong-bao-tinh-hinh/thong
-bao-list.component.ts:13:15:
[37m      13 Γöé   templateUrl: [32m'./th
ong-bao-list.component.html'[37m,
         Γò╡                
[32m~~~~~~~~~~~~~~~~~~~~~~~~~~~~~~~~~[0m


[31mX [41;31m[[41;97mERROR[41;31m][0m 
[1mNG5002: Unexpected closing tag "div". 
It may happen when the tag has already 
been closed by another tag. For more info 
see https://www.w3.org/TR/html5/syntax.html
#closing-elements-that-have-implied-end-tag
s[0m [1m[35m[plugin 
angular-compiler][0m

    src/app/pages/thong-bao-tinh-hinh/thong
-bao-list.component.html:586:0:
[37m      586 Γöé [32m</div>[37m
          Γò╡ [32m~~~~~~[0m

  Error occurs in the template of 
component ThongBaoListComponent.

    src/app/pages/thong-bao-tinh-hinh/thong
-bao-list.component.ts:13:15:
[37m      13 Γöé   templateUrl: [32m'./th
ong-bao-list.component.html'[37m,
         Γò╡                
[32m~~~~~~~~~~~~~~~~~~~~~~~~~~~~~~~~~[0m

[39m[22m
